// Jest Snapshot v1, https://goo.gl/fbAQLP

exports[`ImagesService deleteImageById should return successfully deleted image when CDN response is ok: request sent to prisma 1`] = `
[
  [
    {
      "where": {
        "id": "string",
      },
    },
  ],
]
`;

exports[`ImagesService deleteImageById should throw an error for invalid image id: image not found 1`] = `"Image not found"`;

exports[`ImagesService deleteImageById should throw an error when CDN fails and returns unsuccessful response: CDN result was not successful 1`] = `"An error occurred when deleting the image."`;

exports[`ImagesService uploadImage should create a record in the database after successful upload: query all ok 1`] = `
[
  [
    {
      "data": {
        "cdn_id": "8b3ae683-0626-44be-b591-9271e288388f",
        "created_at": "2021-01-12T18:12:00.000Z",
        "product_variation": {
          "connect": {
            "id": "2730fc05-6f87-49e5-8a41-559208048ebe",
          },
        },
        "url": "https://www.cloudinary.com/",
      },
      "select": {
        "created_at": true,
        "id": true,
        "product_variation_id": true,
        "url": true,
      },
    },
  ],
]
`;

exports[`ImagesService uploadImage should successfully accept valid image mime type: product variation not found 1`] = `"Product Variation not found"`;

exports[`ImagesService uploadImage should throw an error for invalid image mime type: image must be valid mime type 1`] = `"Image must have a valid image mime type"`;

exports[`ImagesService uploadImage should throw an error if CDN didnâ€™t provide the required public id: CDN didnt provide the required id 1`] = `"There was an issue with the CDN, please try again later."`;

exports[`ImagesService uploadImage should throw an error if product variation id is invalid: product variation not found 1`] = `"Product Variation not found"`;
